# Input file name: cluster_0.contigs.fasta
# File type: Fasta
# Total sequences: 691
# Total bases: 1.34 Mb
# Sequence N50: 2031
# Sequence L50: 1
# Sequence N90: 1168
# Median sequence length: 1630
# Interquartile range: 1030
# Shortest sequence length: 1001
# Longest sequence length: 10795
# Sequences > 1 kb: 691
# Sequences > 5 kb: 15
# G-C content: 62.69%
# Ns included: 0

# Input file name: cluster_10.contigs.fasta
# File type: Fasta
# Total sequences: 235
# Total bases: 2.07 Mb
# Sequence N50: 10189
# Sequence L50: 1
# Sequence N90: 5193
# Median sequence length: 9729
# Interquartile range: 6961
# Shortest sequence length: 1162
# Longest sequence length: 19908
# Sequences > 1 kb: 235
# Sequences > 5 kb: 171
# G-C content: 41.27%
# Ns included: 0

# Input file name: cluster_7.contigs.fasta
# File type: Fasta
# Total sequences: 377
# Total bases: 2.33 Mb
# Sequence N50: 8364
# Sequence L50: 1
# Sequence N90: 3157
# Median sequence length: 4977
# Interquartile range: 5503
# Shortest sequence length: 1156
# Longest sequence length: 19184
# Sequences > 1 kb: 377
# Sequences > 5 kb: 187
# G-C content: 54.15%
# Ns included: 0

# Input file name: cluster_9.contigs.fasta
# File type: Fasta
# Total sequences: 509
# Total bases: 1.85 Mb
# Sequence N50: 4929
# Sequence L50: 1
# Sequence N90: 1774
# Median sequence length: 2708
# Interquartile range: 3101
# Shortest sequence length: 1002
# Longest sequence length: 18510
# Sequences > 1 kb: 509
# Sequences > 5 kb: 119
# G-C content: 68.96%
# Ns included: 0

